----------------------
Hardware configuration
----------------------
Date: 2026-04-30 13:24:05.214966
Machine: tokaji
CPU usage (%): 0.1
Machine load: 0.3486328125, 0.5400390625, 0.33544921875
Memory free (GiB): 442
Memory available (GiB): 483
Memory total (GiB): 503

---------------------
cpufreq configuration
---------------------
CPUs with "performance" governor: 64 / 64

-----------------
CPU configuration
-----------------
Architecture:                            x86_64
CPU op-mode(s):                          32-bit, 64-bit
Address sizes:                           46 bits physical, 57 bits virtual
Byte Order:                              Little Endian
CPU(s):                                  64
On-line CPU(s) list:                     0-63
Vendor ID:                               GenuineIntel
Model name:                              Intel(R) Xeon(R) Silver 4314 CPU @ 2.40GHz
CPU family:                              6
Model:                                   106
Thread(s) per core:                      2
Core(s) per socket:                      16
Socket(s):                               2
Stepping:                                6
CPU(s) scaling MHz:                      96%
CPU max MHz:                             3400.0000
CPU min MHz:                             800.0000
BogoMIPS:                                4800.00
Flags:                                   fpu vme de pse tsc msr pae mce cx8 apic sep mtrr pge mca cmov pat pse36 clflush dts acpi mmx fxsr sse sse2 ss ht tm pbe syscall nx pdpe1gb rdtscp lm constant_tsc art arch_perfmon pebs bts rep_good nopl xtopology nonstop_tsc cpuid aperfmperf pni pclmulqdq dtes64 monitor ds_cpl vmx smx est tm2 ssse3 sdbg fma cx16 xtpr pdcm pcid dca sse4_1 sse4_2 x2apic movbe popcnt tsc_deadline_timer aes xsave avx f16c rdrand lahf_lm abm 3dnowprefetch cpuid_fault epb cat_l3 ssbd mba ibrs ibpb stibp ibrs_enhanced tpr_shadow flexpriority ept vpid ept_ad fsgsbase tsc_adjust bmi1 avx2 smep bmi2 erms invpcid cqm rdt_a avx512f avx512dq rdseed adx smap avx512ifma clflushopt clwb intel_pt avx512cd sha_ni avx512bw avx512vl xsaveopt xsavec xgetbv1 xsaves cqm_llc cqm_occup_llc cqm_mbm_total cqm_mbm_local split_lock_detect wbnoinvd dtherm ida arat pln pts vnmi avx512vbmi umip pku ospke avx512_vbmi2 gfni vaes vpclmulqdq avx512_vnni avx512_bitalg tme avx512_vpopcntdq la57 rdpid fsrm md_clear pconfig flush_l1d arch_capabilities
Virtualization:                          VT-x
L1d cache:                               1.5 MiB (32 instances)
L1i cache:                               1 MiB (32 instances)
L2 cache:                                40 MiB (32 instances)
L3 cache:                                48 MiB (2 instances)
NUMA node(s):                            2
NUMA node0 CPU(s):                       0-15,32-47
NUMA node1 CPU(s):                       16-31,48-63
Vulnerability Gather data sampling:      Mitigation; Microcode
Vulnerability Indirect target selection: Vulnerable
Vulnerability Itlb multihit:             Not affected
Vulnerability L1tf:                      Not affected
Vulnerability Mds:                       Not affected
Vulnerability Meltdown:                  Not affected
Vulnerability Mmio stale data:           Mitigation; Clear CPU buffers; SMT vulnerable
Vulnerability Reg file data sampling:    Not affected
Vulnerability Retbleed:                  Not affected
Vulnerability Spec rstack overflow:      Not affected
Vulnerability Spec store bypass:         Mitigation; Speculative Store Bypass disabled via prctl
Vulnerability Spectre v1:                Mitigation; usercopy/swapgs barriers and __user pointer sanitization
Vulnerability Spectre v2:                Mitigation; Enhanced / Automatic IBRS; IBPB conditional; PBRSB-eIBRS SW sequence; BHI SW loop, KVM SW loop
Vulnerability Srbds:                     Not affected
Vulnerability Tsa:                       Not affected
Vulnerability Tsx async abort:           Not affected
Vulnerability Vmscape:                   Not affected

------------------
NUMA configuration
------------------
Shell command: "numactl --physcpubind='0' --localalloc"

available: 2 nodes (0-1)
node 0 cpus: 0 1 2 3 4 5 6 7 8 9 10 11 12 13 14 15 32 33 34 35 36 37 38 39 40 41 42 43 44 45 46 47
node 0 size: 257587 MB
node 0 free: 235167 MB
node 1 cpus: 16 17 18 19 20 21 22 23 24 25 26 27 28 29 30 31 48 49 50 51 52 53 54 55 56 57 58 59 60 61 62 63
node 1 size: 257989 MB
node 1 free: 217788 MB
node distances:
node   0   1 
  0:  10  20 
  1:  20  10 
